// Jest Snapshot v1, https://goo.gl/fbAQLP

exports[`should match Snapshot 1`] = `
<View
  style={
    Object {
      "flex": 1,
    }
  }
>
  <View>
    <View
      style={
        Array [
          Object {
            "backgroundColor": "#fff",
            "borderBottomWidth": 1,
            "borderColor": "#e1e8f0",
            "paddingBottom": 15,
            "paddingLeft": 20,
            "paddingRight": 20,
            "paddingTop": 15,
          },
          Object {
            "flexDirection": "row",
          },
        ]
      }
    >
      <Text
        accessible={true}
        allowFontScaling={true}
        ellipsizeMode="tail"
        style={
          Array [
            Object {
              "color": "#404040",
              "fontSize": 20,
            },
            Object {
              "flex": 6,
              "marginTop": 4,
            },
          ]
        }
      >
        Edit Username
      </Text>
      <RCTSwitch
        disabled={false}
        onChange={[Function]}
        onResponderTerminationRequest={[Function]}
        onStartShouldSetResponder={[Function]}
        onValueChange={[Function]}
        style={
          Array [
            Object {
              "height": 31,
              "width": 51,
            },
            Object {
              "flex": 1,
            },
          ]
        }
        value={false}
      />
    </View>
  </View>
  <View
    style={
      Array [
        Object {
          "backgroundColor": "#fff",
          "borderBottomWidth": 1,
          "borderColor": "#e1e8f0",
          "paddingBottom": 15,
          "paddingLeft": 20,
          "paddingRight": 20,
          "paddingTop": 15,
        },
        Object {
          "flexDirection": "row",
        },
      ]
    }
  >
    <Text
      accessible={true}
      allowFontScaling={true}
      ellipsizeMode="tail"
      style={
        Array [
          Object {
            "color": "#404040",
            "fontSize": 20,
          },
          Object {
            "flex": 6,
            "marginTop": 4,
          },
        ]
      }
    >
      Parental Control
    </Text>
    <RCTSwitch
      disabled={false}
      onChange={[Function]}
      onResponderTerminationRequest={[Function]}
      onStartShouldSetResponder={[Function]}
      onValueChange={[Function]}
      style={
        Array [
          Object {
            "height": 31,
            "width": 51,
          },
          Object {
            "flex": 1,
          },
        ]
      }
      value={false}
    />
  </View>
</View>
`;
